=== BLOCK DEVICES ===
NAME          SIZE TYPE FSTYPE   MOUNTPOINT                          MODEL
loop0        66,8M loop squashfs /snap/core24/1643                   
loop1           4K loop squashfs /snap/bare/5                        
loop2        66,8M loop squashfs /snap/core24/1587                   
loop3          20M loop squashfs /snap/desktop-security-center/151   
loop4        19,6M loop squashfs /snap/desktop-security-center/150   
loop5       273,7M loop squashfs /snap/firefox/8107                  
loop6        16,5M loop squashfs /snap/firmware-updater/226          
loop7       606,1M loop squashfs /snap/gnome-46-2404/153             
loop8        91,7M loop squashfs /snap/gtk-common-themes/1535        
loop9        10,4M loop squashfs /snap/htop/5913                     
loop10        395M loop squashfs /snap/mesa-2404/1165                
loop11       18,8M loop squashfs /snap/prompting-client/204          
loop12       18,8M loop squashfs /snap/prompting-client/222          
loop13       15,7M loop squashfs /snap/snap-store/1367               
loop14        580K loop squashfs /snap/snapd-desktop-integration/361 
loop15       49,3M loop squashfs /snap/snapd/26865                   
loop16       63,8M loop squashfs /snap/core20/2866                   
loop17       55,5M loop squashfs /snap/core18/2999                   
loop18       94,3M loop squashfs /snap/whatsdesk/37                  
loop19      164,8M loop squashfs /snap/gnome-3-28-1804/198           
sda         119,5G disk vfat     /run/media/clemi/63EE-6D04          Flash Drive
sr0          1024M rom                                               HL-DT-ST DVDRAM GH22NS50
nvme0n1     931,5G disk                                              KINGSTON SNV2S1000G
├─nvme0n1p1   100M part vfat     /boot/efi                           
├─nvme0n1p2    16M part                                              
├─nvme0n1p3   120G part ntfs                                         
├─nvme0n1p4   819M part ntfs                                         
├─nvme0n1p5 198,4G part ntfs                                         
├─nvme0n1p6  79,5G part ext4     /                                   
├─nvme0n1p7  22,4G part swap     [SWAP]                              
├─nvme0n1p8  83,8G part ext4     /home                               
└─nvme0n1p9 426,5G part ext4     /data                               
=== SMART NVME ===
smartctl 7.5 2025-04-30 r5714 [x86_64-linux-7.0.0-22-generic] (local build)
Copyright (C) 2002-25, Bruce Allen, Christian Franke, www.smartmontools.org

=== START OF INFORMATION SECTION ===
Model Number:                       KINGSTON SNV2S1000G
Serial Number:                      50026B7784DFD9D5
Firmware Version:                   SBI02102
PCI Vendor/Subsystem ID:            0x2646
IEEE OUI Identifier:                0x0026b7
Controller ID:                      1
NVMe Version:                       1.4
Number of Namespaces:               1
Namespace 1 Size/Capacity:          1.000.204.886.016 [1,00 TB]
Namespace 1 Formatted LBA Size:     512
Namespace 1 IEEE EUI-64:            0026b7 784dfd9d55
Local Time is:                      Tue Jun  2 23:31:07 2026 CEST
Firmware Updates (0x12):            1 Slot, no Reset required
Optional Admin Commands (0x0016):   Format Frmw_DL Self_Test
Optional NVM Commands (0x009f):     Comp Wr_Unc DS_Mngmt Wr_Zero Sav/Sel_Feat Verify
Log Page Attributes (0x12):         Cmd_Eff_Lg Pers_Ev_Lg
Maximum Data Transfer Size:         64 Pages
Warning  Comp. Temp. Threshold:     83 Celsius
Critical Comp. Temp. Threshold:     90 Celsius

Supported Power States
St Op     Max   Active     Idle   RL RT WL WT  Ent_Lat  Ex_Lat
 0 +     5.00W       -        -    0  0  0  0        0       0
 1 +     3.50W       -        -    1  1  1  1        0     200
 2 +     2.50W       -        -    2  2  2  2        0    1000
 3 -     1.50W       -        -    3  3  3  3     5000    5000
 4 -     1.50W       -        -    4  4  4  4    20000   70000

Supported LBA Sizes (NSID 0x1)
Id Fmt  Data  Metadt  Rel_Perf
 0 +     512       0         0

=== START OF SMART DATA SECTION ===
SMART overall-health self-assessment test result: PASSED

SMART/Health Information (NVMe Log 0x02, NSID 0xffffffff)
Critical Warning:                   0x00
Temperature:                        40 Celsius
Available Spare:                    100%
Available Spare Threshold:          10%
Percentage Used:                    0%
Data Units Read:                    21.003.630 [10,7 TB]
Data Units Written:                 20.442.156 [10,4 TB]
Host Read Commands:                 231.841.595
Host Write Commands:                216.871.314
Controller Busy Time:               7.540
Power Cycles:                       582
Power On Hours:                     933
Unsafe Shutdowns:                   37
Media and Data Integrity Errors:    0
Error Information Log Entries:      0
Warning  Comp. Temperature Time:    0
Critical Comp. Temperature Time:    0

Error Information (NVMe Log 0x01, 16 of 64 entries)
No Errors Logged

Self-test Log (NVMe Log 0x06, NSID 0xffffffff)
Self-test status: No self-test in progress
No Self-tests Logged

=== /DATA PATHS ===
TARGET SOURCE         FSTYPE OPTIONS
/data  /dev/nvme0n1p9 ext4   rw,relatime
-rw-r--r-- 1 root root 0 Jun  2 23:31 /data/.phase0_write_test
=== MOUNT TARGETS ===
MISS /mnt/nas/knowledge
MISS /mnt/nas/projects
MISS /mnt/extdisk/knowledge
